2020-12-10 17:58:27,999 INFO: production [in /media/leod/WORKSPACE/crazyapp/cookeryapi/app.py:34]
2020-12-10 17:58:28,071 INFO: production [in /media/leod/WORKSPACE/crazyapp/cookeryapi/app.py:34]
2020-12-10 17:58:28,126 INFO: production [in /media/leod/WORKSPACE/crazyapp/cookeryapi/app.py:34]
